usb_st_req.c:66:5:getStatusReqHandler	8	static
usb_st_req.c:97:5:setAddressReqHandler	0	static
usb_st_req.c:117:5:setConfigurationReqHandler	0	static
usb_st_req.c:149:5:getConfigurationReqHandler	8	static
usb_st_req.c:172:5:setInterfaceReqHandler	0	static
usb_st_req.c:178:5:getInterfaceReqHandler	8	static
usb_st_req.c:197:5:setFeatureReqHandler	0	static
usb_st_req.c:246:5:clearFeatureReqHandler	8	static
usb_st_req.c:263:5:getDescriptorReqHandler	24	dynamic
usb_st_req.c:37:5:stReqHandler	0	static
