usb_core.c:52:6:usbGpioInit	0	static
usb_core.c:67:6:usbClockInit	8	static
usb_core.c:83:6:usbItInit	0	static
usb_core.c:95:6:usbCoreInit	8	static
usb_core.c:106:6:usbHidEndpInit	8	static
usb_core.c:123:6:usbReportEndpInit	8	static
usb_core.c:136:6:usbReset	24	static
usb_core.c:170:6:usbSusp	0	static
usb_core.c:196:6:usbWkup	16	static
usb_core.c:260:6:interruptEpTx	8	static
usb_core.c:299:6:reqCopy	0	static
usb_core.c:348:6:reportTx	0	static
usb_core.c:362:6:setAddr	0	static
usb_core.c:368:5:epHaltSet	8	static
usb_core.c:377:5:epHaltClear	16	static
usb_core.c:387:6:controlTxData0	8	static
usb_core.c:235:6:controlEpTx	8	static
usb_core.c:269:6:reqHandler	16	static
usb_core.c:224:6:controlEpRx	0	static
usb_core.c:212:6:ctrF	8	static
usb_core.c:316:6:usbCore	8	static
usb_core.c:398:6:controlTxData1	8	static
usb_core.c:408:6:controlTxData2	8	static
usb_core.c:418:6:controlTxDataN	24	static
usb_core.c:439:5:descCat	16	static
usb_core.c:449:6:USB_Wakeup_Handler	0	static
